time=2026-10-06T00:00:52.509Z level=INFO msg="waiting for signals" argo=true signalPath=/var/run/argo/ctr/main/signal

[notice] A new release of pip is available: 26.1.2 -> 26.2.1
[notice] To update, run: /workspace/repo/.venv/bin/python -m pip install --upgrade pip

== ruff lint ==
All checks passed!

== ruff format ==
537 files already formatted

== schema suites (incl. drift guards + producer payload round-trips) ==
........................................................................ [  9%]
........................................................................ [ 18%]
........................................................................ [ 28%]
...........s...........sssssssssssssssssssssssssssssssssssssssssssssssss [ 37%]
ssssssssssssssssssssssssssssssssssssssssssssssssssssssssssssssssssssssss [ 47%]
sssssssssssssssssss........................................s............ [ 56%]
........................................................................ [ 66%]
..................................sssssssssss........................... [ 75%]
........................................................................ [ 85%]
........................................................................ [ 94%]
......ssss..................sssssssssss                                  [100%]

== ClimateIntent controller contract audit ==
climate_intent_fields=15
climate_actions=11
materialized_tier1=39
runtime_shadow_surfaces=0
single_path_policy_files=8
OK

== confirmed-component v2 selector/randomization/design contracts ==
........................................................................ [ 38%]
........................................................................ [ 77%]
.........................................                                [100%]
/workspace/repo/research/planner-efficacy/baseline/planner-switchback-v2-profiles.json
/workspace/repo/research/planner-efficacy/protocols/planner-switchback-v2-power.json
/workspace/repo/research/planner-efficacy/protocols/blinded-schedule-v2.golden.json
/workspace/repo/research/planner-efficacy/protocols/analyzer-interface-v2.golden.json

== device write gate ==
..........................................ss...                          [100%]

== pure-logic / contract tests ==
........................................................................ [  2%]
........................................................................ [  4%]
........................................................................ [  6%]
........................................s............................... [  8%]
..........................................................sss........... [ 10%]
........................................................................ [ 12%]
........................................................................ [ 14%]
........................................................................ [ 16%]
........................................................................ [ 18%]
........................................................................ [ 21%]
..............................s....ssssssssssssssssss...............s... [ 23%]
..............................s...................................s..... [ 25%]
..........................................ssssssssssss.....s......ssssss [ 27%]
.sssss.....sssss.sss..........ssssssssssssssss..s......................s [ 29%]
ssssssssssss........................sssssssssssssssssss......sssssssssss [ 31%]
ss..........................sss....................ssssssss.....ssssssss [ 33%]
ssssssssssss....ss...................................................... [ 35%]
...........................................F............................ [ 37%]
........................................................................ [ 39%]
........................................................................ [ 42%]
........................................................................ [ 44%]
........................................................................ [ 46%]
........................................................................ [ 48%]
........................................................................ [ 50%]
........................................................................ [ 52%]
........................................................................ [ 54%]
........................................................................ [ 56%]
........................................................................ [ 58%]
........................................................................ [ 61%]
........................................................................ [ 63%]
........................................................................ [ 65%]
........................................................................ [ 67%]
........................sss............................................. [ 69%]
........................................................................ [ 71%]
........................................................................ [ 73%]
........................................................................ [ 75%]
........................................................................ [ 77%]
........................................................................ [ 79%]
........................................................................ [ 82%]
...................................s.................................... [ 84%]
........................................................................ [ 86%]
........................................................................ [ 88%]
........................................................................ [ 90%]
........................................................................ [ 92%]
........................................................................ [ 94%]
........................................................................ [ 96%]
........................................................................ [ 98%]
......................................                                   [100%]
=================================== FAILURES ===================================
____________ test_public_get_queries_do_not_use_wildcard_projection ____________
tests/test_api_public_output_policy.py:782: in test_public_get_queries_do_not_use_wildcard_projection
    assert re.search(r"\bSELECT\s+(?:[A-Za-z_][A-Za-z0-9_]*\.)?\*", source, re.IGNORECASE) is None
E   assert <re.Match object; span=(98112, 98120), match='SELECT *'> is None
E    +  where <re.Match object; span=(98112, 98120), match='SELECT *'> = <function search at 0x7c38c0dba160>('\\bSELECT\\s+(?:[A-Za-z_][A-Za-z0-9_]*\\.)?\\*', '"""\nVerdify Crop Catalog API — FastAPI backend for crop management.\n\nEndpoints: crops CRUD, observations, events, ...exc).__name__)\n        raise HTTPException(503, "Confirmed-component v2 status database duty unavailable") from exc\n', re.IGNORECASE)
E    +    where <function search at 0x7c38c0dba160> = re.search
E    +    and   re.IGNORECASE = re.IGNORECASE
=========================== short test summary info ============================
FAILED tests/test_api_public_output_policy.py::test_public_get_queries_do_not_use_wildcard_projection
time=2026-10-06T00:10:27.868Z level=INFO msg="sub-process exited" argo=true error="exit status 1"
time=2026-10-06T00:10:27.869Z level=INFO msg="file signal handler exiting due to context cancellation" argo=true
Error: exit status 1
